python.exe : Traceback (most 
recent call last):
At line:1 char:1
+ & c:\dev\flask\cict-grade-po
rtal\venv\Scripts\python.exe 
c:\dev\flask ...
+ ~~~~~~~~~~~~~~~~~~~~~~~~~~~~
~~~~~~~~~~~~~~~~~~~~~~~~~~~~~~
~~~~~~~~~~~
    + CategoryInfo          : 
    NotSpecified: (Traceback  
   (most recent call last):   
 :String) [], RemoteExcept    
ion
    + FullyQualifiedErrorId : 
    NativeCommandError
 
  File "c:\dev\flask\cict-grad
e-portal\test_routes.py", 
line 22, in <module>
    resp = client.get('/panel/
admin/students')
  File "C:\dev\flask\cict-grad
e-portal\venv\Lib\site-package
s\werkzeug\test.py", line 
1162, in get
    return self.open(*args, 
**kw)
           
~~~~~~~~~^^^^^^^^^^^^^
  File "C:\dev\flask\cict-grad
e-portal\venv\Lib\site-package
s\flask\testing.py", line 
235, in open
    response = super().open(
        request,
        buffered=buffered,
        follow_redirects=follo
w_redirects,
    )
  File "C:\dev\flask\cict-grad
e-portal\venv\Lib\site-package
s\werkzeug\test.py", line 
1116, in open
    response_parts = self.run_
wsgi_app(request.environ, 
buffered=buffered)
  File "C:\dev\flask\cict-grad
e-portal\venv\Lib\site-package
s\werkzeug\test.py", line 
988, in run_wsgi_app
    rv = run_wsgi_app(self.app
lication, environ, 
buffered=buffered)
  File "C:\dev\flask\cict-grad
e-portal\venv\Lib\site-package
s\werkzeug\test.py", line 
1264, in run_wsgi_app
    app_rv = app(environ, 
start_response)
  File "C:\dev\flask\cict-grad
e-portal\venv\Lib\site-package
s\flask\app.py", line 1536, 
in __call__
    return 
self.wsgi_app(environ, 
start_response)
           ~~~~~~~~~~~~~^^^^^^
^^^^^^^^^^^^^^^^^^^
  File "C:\dev\flask\cict-grad
e-portal\venv\Lib\site-package
s\werkzeug\middleware\proxy_fi
x.py", line 183, in __call__
    return self.app(environ, 
start_response)
           ~~~~~~~~^^^^^^^^^^^
^^^^^^^^^^^^^^
  File "C:\dev\flask\cict-grad
e-portal\venv\Lib\site-package
s\flask\app.py", line 1514, 
in wsgi_app
    response = 
self.handle_exception(e)
  File "C:\dev\flask\cict-grad
e-portal\venv\Lib\site-package
s\flask\app.py", line 1511, 
in wsgi_app
    response = 
self.full_dispatch_request()
  File "C:\dev\flask\cict-grad
e-portal\venv\Lib\site-package
s\flask\app.py", line 919, in 
full_dispatch_request
    rv = 
self.handle_user_exception(e)
  File "C:\dev\flask\cict-grad
e-portal\venv\Lib\site-package
s\flask\app.py", line 917, in 
full_dispatch_request
    rv = 
self.dispatch_request()
  File "C:\dev\flask\cict-grad
e-portal\venv\Lib\site-package
s\flask\app.py", line 902, in 
dispatch_request
    return self.ensure_sync(se
lf.view_functions[rule.endpoin
t])(**view_args)  # type: 
ignore[no-any-return]
           ~~~~~~~~~~~~~~~~~~~
~~~~~~~~~~~~~~~~~~~~~~~~~~~~~~
~~~^^^^^^^^^^^^^
  File "C:\dev\flask\cict-grad
e-portal\venv\Lib\site-package
s\flask_login\utils.py", line 
290, in decorated_view
    return current_app.ensure_
sync(func)(*args, **kwargs)
           ~~~~~~~~~~~~~~~~~~~
~~~~~~~~~~^^^^^^^^^^^^^^^^^
  File "C:\dev\flask\cict-grad
e-portal\app\utils\security.py
", line 28, in 
decorated_function
    return f(*args, **kwargs)
  File "C:\dev\flask\cict-grad
e-portal\app\routes\panel.py",
 line 758, in admin_students
    return render_template('pa
nel/pages/admin/students.html'
, **context)
  File "C:\dev\flask\cict-grad
e-portal\venv\Lib\site-package
s\flask\templating.py", line 
151, in render_template
    return _render(app, 
template, context)
  File "C:\dev\flask\cict-grad
e-portal\venv\Lib\site-package
s\flask\templating.py", line 
132, in _render
    rv = 
template.render(context)
  File "C:\dev\flask\cict-grad
e-portal\venv\Lib\site-package
s\jinja2\environment.py", 
line 1295, in render
    self.environment.handle_ex
ception()
    ~~~~~~~~~~~~~~~~~~~~~~~~~~
~~~~~~~^^
  File "C:\dev\flask\cict-grad
e-portal\venv\Lib\site-package
s\jinja2\environment.py", 
line 942, in handle_exception
    raise rewrite_traceback_st
ack(source=source)
  File "C:\dev\flask\cict-grad
e-portal\templates\panel\pages
\admin\students.html", line 
1, in top-level template code
    {% extends 
"panel/layout.html" %}
    ^^^^^^^^^^^^^^^^^^^^^^^^^
  File "C:\dev\flask\cict-grad
e-portal\templates\panel\layou
t.html", line 1, in top-level 
template code
    {% extends "base.html" %}
  File "C:\dev\flask\cict-grad
e-portal\templates\base.html",
 line 161, in top-level 
template code
    {% block content %}{% 
endblock %}
    ^^^^^^^^^^^^^^^^^^^^^^^
  File "C:\dev\flask\cict-grad
e-portal\templates\panel\layou
t.html", line 346, in block 
'content'
    {% block main_content 
%}{% endblock %}
    ^^^^^^^^^^^^^^^^^^^
  File "C:\dev\flask\cict-grad
e-portal\templates\panel\pages
\admin\students.html", line 
3, in block 'main_content'
    {% block main_content 
%}{% include "panel/partials/a
dmin/students.html" %}{% 
endblock %}
    ^^^^^^^^^^^^^^^^^^^^^^^^^
  File "C:\dev\flask\cict-grad
e-portal\templates\panel\parti
als\admin\students.html", 
line 153, in top-level 
template code
    const orphanUsers = {{ 
orphan_users | tojson }};
    ^^^^^^^^^^^^^
  File "C:\dev\flask\cict-grad
e-portal\venv\Lib\site-package
s\jinja2\filters.py", line 
1721, in do_tojson
    return 
htmlsafe_json_dumps(value, 
dumps=dumps, **kwargs)
  File "C:\dev\flask\cict-grad
e-portal\venv\Lib\site-package
s\jinja2\utils.py", line 669, 
in htmlsafe_json_dumps
    dumps(obj, **kwargs)
    ~~~~~^^^^^^^^^^^^^^^
  File "C:\dev\flask\cict-grad
e-portal\venv\Lib\site-package
s\flask\json\provider.py", 
line 179, in dumps
    return json.dumps(obj, 
**kwargs)
           
~~~~~~~~~~^^^^^^^^^^^^^^^
  File "C:\Python314\Lib\json\
__init__.py", line 242, in 
dumps
    **kw).encode(obj)
          ~~~~~~^^^^^
  File "C:\Python314\Lib\json\
encoder.py", line 202, in 
encode
    chunks = 
self.iterencode(o, 
_one_shot=True)
  File "C:\Python314\Lib\json\
encoder.py", line 263, in 
iterencode
    return _iterencode(o, 0)
  File "C:\dev\flask\cict-grad
e-portal\venv\Lib\site-package
s\flask\json\provider.py", 
line 121, in _default
    raise TypeError(f"Object 
of type {type(o).__name__} is 
not JSON serializable")
TypeError: Object of type 
User is not JSON serializable
when serializing list item 0
Traceback (most recent call 
last):
  File "C:\dev\flask\cict-grad
e-portal\venv\Lib\site-package
s\sqlalchemy\engine\base.py", 
line 1967, in 
_exec_single_context
    self.dialect.do_execute(
    ~~~~~~~~~~~~~~~~~~~~~~~^
        cursor, 
str_statement, 
effective_parameters, context
        ^^^^^^^^^^^^^^^^^^^^^^
^^^^^^^^^^^^^^^^^^^^^^^^^^^^^^
    )
    ^
  File "C:\dev\flask\cict-grad
e-portal\venv\Lib\site-package
s\sqlalchemy\engine\default.py
", line 941, in do_execute
    cursor.execute(statement, 
parameters)
    ~~~~~~~~~~~~~~^^^^^^^^^^^^
^^^^^^^^^^^
  File "C:\dev\flask\cict-grad
e-portal\venv\Lib\site-package
s\psycopg\cursor.py", line 
117, in execute
    raise 
ex.with_traceback(None)
psycopg.errors.UndefinedFuncti
on: function round(double 
precision, integer) does not 
exist
LINE 2: ...OIN (SELECT 
enrollments.student_id AS 
student_id, round(sum(...
                              
                              
 ^
HINT:  No function matches 
the given name and argument 
types. You might need to add 
explicit type casts.

The above exception was the 
direct cause of the following 
exception:

Traceback (most recent call 
last):
  File "c:\dev\flask\cict-grad
e-portal\test_routes.py", 
line 34, in <module>
    resp = client.get('/panel/
admin/grades')
  File "C:\dev\flask\cict-grad
e-portal\venv\Lib\site-package
s\werkzeug\test.py", line 
1162, in get
    return self.open(*args, 
**kw)
           
~~~~~~~~~^^^^^^^^^^^^^
  File "C:\dev\flask\cict-grad
e-portal\venv\Lib\site-package
s\flask\testing.py", line 
235, in open
    response = super().open(
        request,
        buffered=buffered,
        follow_redirects=follo
w_redirects,
    )
  File "C:\dev\flask\cict-grad
e-portal\venv\Lib\site-package
s\werkzeug\test.py", line 
1116, in open
    response_parts = self.run_
wsgi_app(request.environ, 
buffered=buffered)
  File "C:\dev\flask\cict-grad
e-portal\venv\Lib\site-package
s\werkzeug\test.py", line 
988, in run_wsgi_app
    rv = run_wsgi_app(self.app
lication, environ, 
buffered=buffered)
  File "C:\dev\flask\cict-grad
e-portal\venv\Lib\site-package
s\werkzeug\test.py", line 
1264, in run_wsgi_app
    app_rv = app(environ, 
start_response)
  File "C:\dev\flask\cict-grad
e-portal\venv\Lib\site-package
s\flask\app.py", line 1536, 
in __call__
    return 
self.wsgi_app(environ, 
start_response)
           ~~~~~~~~~~~~~^^^^^^
^^^^^^^^^^^^^^^^^^^
  File "C:\dev\flask\cict-grad
e-portal\venv\Lib\site-package
s\werkzeug\middleware\proxy_fi
x.py", line 183, in __call__
    return self.app(environ, 
start_response)
           ~~~~~~~~^^^^^^^^^^^
^^^^^^^^^^^^^^
  File "C:\dev\flask\cict-grad
e-portal\venv\Lib\site-package
s\flask\app.py", line 1514, 
in wsgi_app
    response = 
self.handle_exception(e)
  File "C:\dev\flask\cict-grad
e-portal\venv\Lib\site-package
s\flask\app.py", line 1511, 
in wsgi_app
    response = 
self.full_dispatch_request()
  File "C:\dev\flask\cict-grad
e-portal\venv\Lib\site-package
s\flask\app.py", line 919, in 
full_dispatch_request
    rv = 
self.handle_user_exception(e)
  File "C:\dev\flask\cict-grad
e-portal\venv\Lib\site-package
s\flask\app.py", line 917, in 
full_dispatch_request
    rv = 
self.dispatch_request()
  File "C:\dev\flask\cict-grad
e-portal\venv\Lib\site-package
s\flask\app.py", line 902, in 
dispatch_request
    return self.ensure_sync(se
lf.view_functions[rule.endpoin
t])(**view_args)  # type: 
ignore[no-any-return]
           ~~~~~~~~~~~~~~~~~~~
~~~~~~~~~~~~~~~~~~~~~~~~~~~~~~
~~~^^^^^^^^^^^^^
  File "C:\dev\flask\cict-grad
e-portal\venv\Lib\site-package
s\flask_login\utils.py", line 
290, in decorated_view
    return current_app.ensure_
sync(func)(*args, **kwargs)
           ~~~~~~~~~~~~~~~~~~~
~~~~~~~~~~^^^^^^^^^^^^^^^^^
  File "C:\dev\flask\cict-grad
e-portal\app\utils\security.py
", line 28, in 
decorated_function
    return f(*args, **kwargs)
  File "C:\dev\flask\cict-grad
e-portal\app\routes\panel.py",
 line 1322, in admin_grades
    pagination = 
q.paginate(page=page, 
per_page=30, error_out=False)
  File "C:\dev\flask\cict-grad
e-portal\venv\Lib\site-package
s\flask_sqlalchemy\query.py", 
line 98, in paginate
    return QueryPagination(
        query=self,
    ...<4 lines>...
        count=count,
    )
  File "C:\dev\flask\cict-grad
e-portal\venv\Lib\site-package
s\flask_sqlalchemy\pagination.
py", line 72, in __init__
    items = 
self._query_items()
  File "C:\dev\flask\cict-grad
e-portal\venv\Lib\site-package
s\flask_sqlalchemy\pagination.
py", line 358, in _query_items
    out = query.limit(self.per
_page).offset(self._query_offs
et).all()
  File "C:\dev\flask\cict-grad
e-portal\venv\Lib\site-package
s\sqlalchemy\orm\query.py", 
line 2673, in all
    return self._iter().all() 
 # type: ignore
           ~~~~~~~~~~^^
  File "C:\dev\flask\cict-grad
e-portal\venv\Lib\site-package
s\sqlalchemy\orm\query.py", 
line 2827, in _iter
    result: 
Union[ScalarResult[_T], 
Result[_T]] = 
self.session.execute(
                              
                    
~~~~~~~~~~~~~~~~~~~~^
        statement,
        ^^^^^^^^^^
        params,
        ^^^^^^^
        execution_options={"_s
a_orm_load_options": 
self.load_options},
        ^^^^^^^^^^^^^^^^^^^^^^
^^^^^^^^^^^^^^^^^^^^^^^^^^^^^^
^^^^^^^^^^
    )
    ^
  File "C:\dev\flask\cict-grad
e-portal\venv\Lib\site-package
s\sqlalchemy\orm\session.py", 
line 2362, in execute
    return 
self._execute_internal(
           
~~~~~~~~~~~~~~~~~~~~~~^
        statement,
        ^^^^^^^^^^
    ...<4 lines>...
        _add_event=_add_event,
        ^^^^^^^^^^^^^^^^^^^^^^
    )
    ^
  File "C:\dev\flask\cict-grad
e-portal\venv\Lib\site-package
s\sqlalchemy\orm\session.py", 
line 2247, in 
_execute_internal
    result: Result[Any] = comp
ile_state_cls.orm_execute_stat
ement(
                          ~~~~
~~~~~~~~~~~~~~~~~~~~~~~~~~~~~~
~~~~~^
        self,
        ^^^^^
    ...<4 lines>...
        conn,
        ^^^^^
    )
    ^
  File "C:\dev\flask\cict-grad
e-portal\venv\Lib\site-package
s\sqlalchemy\orm\context.py", 
line 305, in 
orm_execute_statement
    result = conn.execute(
        statement, params or 
{}, execution_options=executio
n_options
    )
  File "C:\dev\flask\cict-grad
e-portal\venv\Lib\site-package
s\sqlalchemy\engine\base.py", 
line 1418, in execute
    return meth(
        self,
        distilled_parameters,
        execution_options or 
NO_OPTIONS,
    )
  File "C:\dev\flask\cict-grad
e-portal\venv\Lib\site-package
s\sqlalchemy\sql\elements.py",
 line 515, in 
_execute_on_connection
    return connection._execute
_clauseelement(
           ~~~~~~~~~~~~~~~~~~~
~~~~~~~~~~~~~~^
        self, 
distilled_params, 
execution_options
        ^^^^^^^^^^^^^^^^^^^^^^
^^^^^^^^^^^^^^^^^^^
    )
    ^
  File "C:\dev\flask\cict-grad
e-portal\venv\Lib\site-package
s\sqlalchemy\engine\base.py", 
line 1640, in 
_execute_clauseelement
    ret = 
self._execute_context(
        dialect,
    ...<8 lines>...
        cache_hit=cache_hit,
    )
  File "C:\dev\flask\cict-grad
e-portal\venv\Lib\site-package
s\sqlalchemy\engine\base.py", 
line 1846, in _execute_context
    return 
self._exec_single_context(
           
~~~~~~~~~~~~~~~~~~~~~~~~~^
        dialect, context, 
statement, parameters
        ^^^^^^^^^^^^^^^^^^^^^^
^^^^^^^^^^^^^^^^^
    )
    ^
  File "C:\dev\flask\cict-grad
e-portal\venv\Lib\site-package
s\sqlalchemy\engine\base.py", 
line 1986, in 
_exec_single_context
    
self._handle_dbapi_exception(
    
~~~~~~~~~~~~~~~~~~~~~~~~~~~~^
        e, str_statement, 
effective_parameters, cursor, 
context
        ^^^^^^^^^^^^^^^^^^^^^^
^^^^^^^^^^^^^^^^^^^^^^^^^^^^^^
^^^
    )
    ^
  File "C:\dev\flask\cict-grad
e-portal\venv\Lib\site-package
s\sqlalchemy\engine\base.py", 
line 2355, in 
_handle_dbapi_exception
    raise sqlalchemy_exception
.with_traceback(exc_info[2]) 
from e
  File "C:\dev\flask\cict-grad
e-portal\venv\Lib\site-package
s\sqlalchemy\engine\base.py", 
line 1967, in 
_exec_single_context
    self.dialect.do_execute(
    ~~~~~~~~~~~~~~~~~~~~~~~^
        cursor, 
str_statement, 
effective_parameters, context
        ^^^^^^^^^^^^^^^^^^^^^^
^^^^^^^^^^^^^^^^^^^^^^^^^^^^^^
    )
    ^
  File "C:\dev\flask\cict-grad
e-portal\venv\Lib\site-package
s\sqlalchemy\engine\default.py
", line 941, in do_execute
    cursor.execute(statement, 
parameters)
    ~~~~~~~~~~~~~~^^^^^^^^^^^^
^^^^^^^^^^^
  File "C:\dev\flask\cict-grad
e-portal\venv\Lib\site-package
s\psycopg\cursor.py", line 
117, in execute
    raise 
ex.with_traceback(None)
sqlalchemy.exc.ProgrammingErro
r: (psycopg.errors.UndefinedFu
nction) function round(double 
precision, integer) does not 
exist
LINE 2: ...OIN (SELECT 
enrollments.student_id AS 
student_id, round(sum(...
                              
                              
 ^
HINT:  No function matches 
the given name and argument 
types. You might need to add 
explicit type casts.
[SQL: SELECT students.id AS 
students_id, students.user_id 
AS students_user_id, 
students.student_id AS 
students_student_id, 
students.full_name AS 
students_full_name, 
students.section AS 
students_section, 
students.section_id AS 
students_section_id, 
students.age AS students_age, 
students.address AS 
students_address, 
students.contact_number AS 
students_contact_number, 
students.gender AS 
students_gender, 
students.gmail AS 
students_gmail, 
students.curriculum_year AS 
students_curriculum_year, 
students.year_level AS 
students_year_level, 
students.created_at AS 
students_created_at, 
students.updated_at AS 
students_updated_at, 
count(DISTINCT 
enrollments.id) AS 
subject_count, anon_1.avg_gpa 
AS anon_1_avg_gpa 
FROM students JOIN 
enrollments ON students.id = 
enrollments.student_id LEFT 
OUTER JOIN (SELECT 
enrollments.student_id AS 
student_id, 
round(sum(grades.grade_value 
* subjects.units) / 
CAST(sum(subjects.units) AS 
NUMERIC), 
%(round_1)s::INTEGER) AS 
avg_gpa 
FROM enrollments JOIN grades 
ON enrollments.id = 
grades.enrollment_id JOIN 
subjects ON 
enrollments.subject_id = 
subjects.id 
WHERE enrollments.semester = 
%(semester_1)s AND 
enrollments.academic_year = 
%(academic_year_1)s::VARCHAR 
AND grades.grade_value IS NOT 
NULL AND ((grades.remarks NOT 
IN (%(remarks_1_1)s::VARCHAR, 
%(remarks_1_2)s::VARCHAR)) OR 
grades.remarks IS NULL) GROUP 
BY enrollments.student_id) AS 
anon_1 ON students.id = 
anon_1.student_id 
WHERE enrollments.semester = 
%(semester_2)s AND 
enrollments.academic_year = 
%(academic_year_2)s::VARCHAR 
GROUP BY students.id, 
anon_1.avg_gpa ORDER BY 
students.full_name 
 LIMIT %(param_1)s::INTEGER 
OFFSET %(param_2)s::INTEGER]
[parameters: {'round_1': 4, 
'semester_1': '1st', 
'academic_year_1': 
'2025-2026', 'semester_2': 
'1st', 'academic_year_2': 
'2025-2026', 'param_1': 30, 
'param_2': 0, 'remarks_1_1': 
'INC', 'remarks_1_2': 'DRP'}]
(Background on this error at: 
https://sqlalche.me/e/20/f405)
Testing as: admin@isufst.edu.ph (role=admin)

--- Testing /panel/admin/students ---
Exception: Object of type User is not JSON serializable

--- Testing /panel/admin/grades ---
Exception: (psycopg.errors.UndefinedFunction) function round(double precision, integer) does not exist
LINE 2: ...OIN (SELECT enrollments.student_id AS student_id, round(sum(...
                                                             ^
HINT:  No function matches the given name and argument types. You might need to add explicit type casts.
[SQL: SELECT students.id AS students_id, students.user_id AS students_user_id, students.student_id AS students_student_id, students.full_name AS students_full_name, students.section AS students_section, students.section_id AS students_section_id, students.age AS students_age, students.address AS students_address, students.contact_number AS students_contact_number, students.gender AS students_gender, students.gmail AS students_gmail, students.curriculum_year AS students_curriculum_year, students.year_level AS students_year_level, students.created_at AS students_created_at, students.updated_at AS students_updated_at, count(DISTINCT enrollments.id) AS subject_count, anon_1.avg_gpa AS anon_1_avg_gpa 
FROM students JOIN enrollments ON students.id = enrollments.student_id LEFT OUTER JOIN (SELECT enrollments.student_id AS student_id, round(sum(grades.grade_value * subjects.units) / CAST(sum(subjects.units) AS NUMERIC), %(round_1)s::INTEGER) AS avg_gpa 
FROM enrollments JOIN grades ON enrollments.id = grades.enrollment_id JOIN subjects ON enrollments.subject_id = subjects.id 
WHERE enrollments.semester = %(semester_1)s AND enrollments.academic_year = %(academic_year_1)s::VARCHAR AND grades.grade_value IS NOT NULL AND ((grades.remarks NOT IN (%(remarks_1_1)s::VARCHAR, %(remarks_1_2)s::VARCHAR)) OR grades.remarks IS NULL) GROUP BY enrollments.student_id) AS anon_1 ON students.id = anon_1.student_id 
WHERE enrollments.semester = %(semester_2)s AND enrollments.academic_year = %(academic_year_2)s::VARCHAR GROUP BY students.id, anon_1.avg_gpa ORDER BY students.full_name 
 LIMIT %(param_1)s::INTEGER OFFSET %(param_2)s::INTEGER]
[parameters: {'round_1': 4, 'semester_1': '1st', 'academic_year_1': '2025-2026', 'semester_2': '1st', 'academic_year_2': '2025-2026', 'param_1': 30, 'param_2': 0, 'remarks_1_1': 'INC', 'remarks_1_2': 'DRP'}]
(Background on this error at: https://sqlalche.me/e/20/f405)
